// Jest Snapshot v1, https://goo.gl/fbAQLP

exports[`matches snapshot test with no props supplied 1`] = `
<h1>
  Hello 
</h1>
`;

exports[`matching snapshot test 1`] = `
<h1>
  Hello 
</h1>
`;
